// Jest Snapshot v1, https://goo.gl/fbAQLP

exports[`BaseText Snapshot Test 1`] = `
<Text>
  Foo
</Text>
`;
