// Jest Snapshot v1, https://goo.gl/fbAQLP

exports[`BaseIcon Snapshot Test 1`] = `null`;
